// Jest Snapshot v1, https://goo.gl/fbAQLP

exports[`Announcer should render correctly via snapshot 1`] = `
<div>
  <MessageBlock
    aria-live="assertive"
    message=""
  />
  <MessageBlock
    aria-live="assertive"
    message=""
  />
  <MessageBlock
    aria-live="polite"
    message=""
  />
  <MessageBlock
    aria-live="polite"
    message=""
  />
</div>
`;
